// Jest Snapshot v1, https://goo.gl/fbAQLP

exports[`renders correctly 1`] = `
<View
  accessible={true}
  focusable={false}
  isTVSelectable={true}
  onClick={[Function]}
  onResponderGrant={[Function]}
  onResponderMove={[Function]}
  onResponderRelease={[Function]}
  onResponderTerminate={[Function]}
  onResponderTerminationRequest={[Function]}
  onStartShouldSetResponder={[Function]}
  style={
    Object {
      "alignItems": "center",
      "backgroundColor": "white",
      "borderRadius": 6,
      "height": 70,
      "justifyContent": "center",
      "marginHorizontal": 5,
      "marginVertical": 3,
      "opacity": 1,
      "width": 120,
    }
  }
>
  <Text
    numberOfLines={3}
    style={
      Object {
        "textAlign": "center",
        "textTransform": "uppercase",
      }
    }
  >
    Text
  </Text>
</View>
`;
